// Jest Snapshot v1, https://goo.gl/fbAQLP

exports[`Display renders correctly 1`] = `
<div
  className="sc-iBPRYJ iPsrfb"
>
  LOADING
  <div
    className="sc-fubCfw byBabO"
  />
</div>
`;
