// Jest Snapshot v1, https://goo.gl/fbAQLP

exports[`Display renders correctly 1`] = `
<div
  className="sc-bdfBwQ jaWpEd"
>
  LOADING
  <div
    className="sc-gsTCUz hDkRRh"
  />
</div>
`;
